{"level":"info","timestamp":1740419201.8856323,"message":"Starting client"}
{"level":"error","timestamp":1740419209.2608485,"message":"Server returned error: 500 Internal Server Error, Error generating short URL"}
{"level":"info","timestamp":1740420190.001583,"message":"Starting client"}
{"level":"error","timestamp":1740420192.8346522,"message":"Server returned error: 500 Internal Server Error, Error generating short URL"}
{"level":"info","timestamp":1740421000.0978181,"message":"Starting client"}
{"level":"error","timestamp":1740421005.0733132,"message":"Server returned error: 500 Internal Server Error, Error generating short URL"}
{"level":"info","timestamp":"24-02-2025 21:35:58","msg":"Starting client"}
{"level":"error","timestamp":"24-02-2025 21:36:01","msg":"Ping error: Get \"http://localhost:8080/Ph-VaNhL\": context deadline exceeded (Client.Timeout exceeded while awaiting headers)"}
{"level":"error","timestamp":"24-02-2025 21:36:01","msg":"Server returned error: 500 Internal Server Error, Error generating short URL"}
{"level":"error","timestamp":"24-02-2025 21:36:01","msg":"error: Post \"http://localhost:8080/\": context deadline exceeded (Client.Timeout exceeded while awaiting headers)"}
{"level":"error","timestamp":"24-02-2025 21:36:02","msg":"GET error: Get \"http://localhost:8080/unknown_path\": context deadline exceeded (Client.Timeout exceeded while awaiting headers)"}
{"level":"info","timestamp":"24-02-2025 21:37:44","msg":"Starting client"}
{"level":"error","timestamp":"24-02-2025 21:37:45","msg":"Ping error: Get \"http://localhost:8080/Ph-VaNhL\": context deadline exceeded (Client.Timeout exceeded while awaiting headers)"}
{"level":"error","timestamp":"24-02-2025 21:37:45","msg":"Server returned error: 500 Internal Server Error, Error generating short URL"}
{"level":"error","timestamp":"24-02-2025 21:37:45","msg":"error: Post \"http://localhost:8080/\": context deadline exceeded (Client.Timeout exceeded while awaiting headers)"}
{"level":"error","timestamp":"24-02-2025 21:37:46","msg":"GET error: Get \"http://localhost:8080/unknown_path\": context deadline exceeded (Client.Timeout exceeded while awaiting headers)"}
{"level":"info","timestamp":"24-02-2025 21:41:10","msg":"Starting client"}
{"level":"error","timestamp":"24-02-2025 21:41:11","msg":"Server returned error: 500 Internal Server Error, Error generating short URL"}
{"L":"\u001b[34mINFO\u001b[0m","timestamp":"2025-02-26T14:14:38.789+0300","M":"Starting client"}
{"L":"\u001b[34mINFO\u001b[0m","timestamp":"2025-02-26T15:05:18.032+0300","M":"Starting client"}
{"L":"\u001b[31mERROR\u001b[0m","timestamp":"2025-02-26T15:05:19.825+0300","M":"Server returned error: 500 Internal Server Error, Error saving URL"}
{"L":"\u001b[31mERROR\u001b[0m","timestamp":"2025-02-26T15:05:19.826+0300","M":"Server returned error: 500 Internal Server Error, Error saving URL"}
{"L":"\u001b[34mINFO\u001b[0m","timestamp":"2025-02-26T15:10:27.556+0300","M":"Starting client"}
{"L":"\u001b[34mINFO\u001b[0m","timestamp":"2025-02-27T11:20:16.203+0300","M":"Starting client"}
{"L":"\u001b[31mERROR\u001b[0m","timestamp":"2025-02-27T11:20:28.571+0300","M":"Server returned error: 500 Internal Server Error, Error generating short URL"}
{"L":"\u001b[31mERROR\u001b[0m","timestamp":"2025-02-27T11:20:28.571+0300","M":"Server returned error: 400 Bad Request, URL is required"}
{"L":"\u001b[34mINFO\u001b[0m","timestamp":"2025-02-27T11:34:36.001+0300","M":"Starting client"}
{"L":"\u001b[34mINFO\u001b[0m","timestamp":"2025-02-27T11:34:51.140+0300","M":"Starting client"}
{"L":"\u001b[31mERROR\u001b[0m","timestamp":"2025-02-27T11:34:58.944+0300","M":"Server returned error: 400 Bad Request, URL is required"}
{"L":"\u001b[34mINFO\u001b[0m","timestamp":"2025-02-27T11:43:28.006+0300","M":"Starting client"}
{"L":"\u001b[31mERROR\u001b[0m","timestamp":"2025-02-27T11:43:34.626+0300","M":"Server returned error: 500 Internal Server Error, Error generating short URL"}
{"L":"\u001b[31mERROR\u001b[0m","timestamp":"2025-02-27T11:43:34.627+0300","M":"Server returned error: 400 Bad Request, URL is required"}
{"L":"\u001b[31mERROR\u001b[0m","timestamp":"2025-02-27T11:43:34.628+0300","M":"Server returned error: 500 Internal Server Error, Error generating short URL"}
{"L":"\u001b[34mINFO\u001b[0m","timestamp":"2025-02-27T11:49:07.582+0300","M":"Starting client"}
{"L":"\u001b[31mERROR\u001b[0m","timestamp":"2025-02-27T11:49:12.347+0300","M":"Server returned error: 500 Internal Server Error, Error generating short URL"}
{"L":"\u001b[31mERROR\u001b[0m","timestamp":"2025-02-27T11:49:12.348+0300","M":"Server returned error: 400 Bad Request, URL is required"}
{"L":"\u001b[34mINFO\u001b[0m","timestamp":"2025-02-27T11:49:43.838+0300","M":"Starting client"}
{"L":"\u001b[34mINFO\u001b[0m","timestamp":"2025-02-27T11:49:48.501+0300","M":"Starting client"}
{"L":"\u001b[31mERROR\u001b[0m","timestamp":"2025-02-27T11:49:56.392+0300","M":"Server returned error: 500 Internal Server Error, Error generating short URL"}
{"L":"\u001b[31mERROR\u001b[0m","timestamp":"2025-02-27T11:49:56.393+0300","M":"Server returned error: 400 Bad Request, URL is required"}
{"L":"\u001b[34mINFO\u001b[0m","timestamp":"2025-02-27T11:52:33.720+0300","M":"Starting client"}
{"L":"\u001b[31mERROR\u001b[0m","timestamp":"2025-02-27T13:02:53.227+0300","M":"Server returned error: 500 Internal Server Error, Error generating short URL"}
{"L":"\u001b[31mERROR\u001b[0m","timestamp":"2025-02-27T13:02:53.228+0300","M":"Server returned error: 400 Bad Request, URL is required"}
{"L":"\u001b[34mINFO\u001b[0m","timestamp":"2025-02-27T13:26:29.206+0300","M":"Starting client"}
{"L":"\u001b[31mERROR\u001b[0m","timestamp":"2025-02-27T13:26:32.399+0300","M":"Server returned error: 400 Bad Request, URL is required"}
{"L":"\u001b[34mINFO\u001b[0m","timestamp":"2025-02-27T13:52:58.427+0300","M":"Starting client"}
{"L":"\u001b[31mERROR\u001b[0m","timestamp":"2025-02-27T13:53:11.273+0300","M":"Server returned error: 500 Internal Server Error, Error checking for existing short URL"}
{"L":"\u001b[31mERROR\u001b[0m","timestamp":"2025-02-27T13:53:11.274+0300","M":"Server returned error: 400 Bad Request, URL is required"}
{"L":"\u001b[31mERROR\u001b[0m","timestamp":"2025-02-27T13:53:11.275+0300","M":"Server returned error: 500 Internal Server Error, Error checking for existing short URL"}
{"L":"\u001b[31mERROR\u001b[0m","timestamp":"2025-02-27T13:53:11.276+0300","M":"Server returned error: 500 Internal Server Error, Error checking for existing short URL"}
{"L":"\u001b[34mINFO\u001b[0m","timestamp":"2025-02-27T13:54:44.615+0300","M":"Starting client"}
{"L":"\u001b[31mERROR\u001b[0m","timestamp":"2025-02-27T13:54:46.984+0300","M":"Server returned error: 500 Internal Server Error, Error checking for existing short URL"}
{"L":"\u001b[31mERROR\u001b[0m","timestamp":"2025-02-27T13:54:46.986+0300","M":"Server returned error: 500 Internal Server Error, Error checking for existing short URL"}
{"L":"\u001b[34mINFO\u001b[0m","timestamp":"2025-02-27T13:55:45.276+0300","M":"Starting client"}
{"L":"\u001b[31mERROR\u001b[0m","timestamp":"2025-02-27T13:55:49.375+0300","M":"Server returned error: 400 Bad Request, URL is required"}
{"L":"\u001b[34mINFO\u001b[0m","timestamp":"2025-02-27T14:15:44.175+0300","M":"Starting client"}
{"L":"\u001b[31mERROR\u001b[0m","timestamp":"2025-02-27T14:15:49.979+0300","M":"Server returned error: 400 Bad Request, URL is required"}
{"L":"\u001b[34mINFO\u001b[0m","timestamp":"2025-02-27T14:23:55.113+0300","M":"Starting client"}
{"L":"\u001b[34mINFO\u001b[0m","timestamp":"2025-03-11T13:47:57.648+0300","M":"starting client"}
{"L":"\u001b[31mERROR\u001b[0m","timestamp":"2025-03-11T13:48:30.692+0300","M":"login failed with status{status 11 401  <nil>}"}
{"L":"\u001b[31mERROR\u001b[0m","timestamp":"2025-03-11T13:48:30.693+0300","M":"post JSON returned error{status 11 401  <nil>} {body 15 0 unauthorized: missing or invalid user ID <nil>}"}
{"L":"\u001b[31mERROR\u001b[0m","timestamp":"2025-03-11T13:48:30.693+0300","M":"post FormData returned error{status 11 401  <nil>} {body 15 0 unauthorized: missing or invalid user ID <nil>}"}
{"L":"\u001b[31mERROR\u001b[0m","timestamp":"2025-03-11T13:48:30.694+0300","M":"post FormData returned error{status 11 401  <nil>} {body 15 0 unauthorized: missing or invalid user ID <nil>}"}
{"L":"\u001b[31mERROR\u001b[0m","timestamp":"2025-03-11T13:48:30.700+0300","M":"post FormData returned error{status 11 401  <nil>} {body 15 0 unauthorized: missing or invalid user ID <nil>}"}
{"L":"\u001b[31mERROR\u001b[0m","timestamp":"2025-03-11T13:48:30.701+0300","M":"post FormData returned error{status 11 401  <nil>} {body 15 0 unauthorized: missing or invalid user ID <nil>}"}
{"L":"\u001b[31mERROR\u001b[0m","timestamp":"2025-03-11T13:48:30.702+0300","M":"post FormData returned error{status 11 401  <nil>} {body 15 0 unauthorized: missing or invalid user ID <nil>}"}
{"L":"\u001b[34mINFO\u001b[0m","timestamp":"2025-03-11T14:10:49.810+0300","M":"starting client"}
{"L":"\u001b[34mINFO\u001b[0m","timestamp":"2025-03-11T14:11:08.115+0300","M":"login successful"}
{"L":"\u001b[31mERROR\u001b[0m","timestamp":"2025-03-11T14:11:08.117+0300","M":"post JSON returned error{status 11 401  <nil>} {body 15 0 unauthorized: missing or invalid user ID <nil>}"}
{"L":"\u001b[31mERROR\u001b[0m","timestamp":"2025-03-11T14:11:08.118+0300","M":"post FormData returned error{status 11 401  <nil>} {body 15 0 unauthorized: missing or invalid user ID <nil>}"}
{"L":"\u001b[31mERROR\u001b[0m","timestamp":"2025-03-11T14:11:08.118+0300","M":"post FormData returned error{status 11 401  <nil>} {body 15 0 unauthorized: missing or invalid user ID <nil>}"}
{"L":"\u001b[31mERROR\u001b[0m","timestamp":"2025-03-11T14:11:08.119+0300","M":"post FormData returned error{status 11 401  <nil>} {body 15 0 unauthorized: missing or invalid user ID <nil>}"}
{"L":"\u001b[31mERROR\u001b[0m","timestamp":"2025-03-11T14:11:08.120+0300","M":"post FormData returned error{status 11 401  <nil>} {body 15 0 unauthorized: missing or invalid user ID <nil>}"}
{"L":"\u001b[31mERROR\u001b[0m","timestamp":"2025-03-11T14:11:08.120+0300","M":"get all URLs failed with status{status 11 401  <nil>}"}
{"L":"\u001b[34mINFO\u001b[0m","timestamp":"2025-03-11T14:35:09.220+0300","M":"starting client"}
{"L":"\u001b[34mINFO\u001b[0m","timestamp":"2025-03-11T14:35:25.959+0300","M":"login successful"}
{"L":"\u001b[31mERROR\u001b[0m","timestamp":"2025-03-11T14:35:25.971+0300","M":"post FormData returned error{status 11 401  <nil>} {body 15 0 unauthorized: missing or invalid user ID <nil>}"}
{"L":"\u001b[31mERROR\u001b[0m","timestamp":"2025-03-11T14:35:25.971+0300","M":"post FormData returned error{status 11 401  <nil>} {body 15 0 unauthorized: missing or invalid user ID <nil>}"}
{"L":"\u001b[31mERROR\u001b[0m","timestamp":"2025-03-11T14:35:25.972+0300","M":"post FormData returned error{status 11 401  <nil>} {body 15 0 unauthorized: missing or invalid user ID <nil>}"}
{"L":"\u001b[31mERROR\u001b[0m","timestamp":"2025-03-11T14:35:25.973+0300","M":"post FormData returned error{status 11 401  <nil>} {body 15 0 unauthorized: missing or invalid user ID <nil>}"}
{"L":"\u001b[31mERROR\u001b[0m","timestamp":"2025-03-11T14:35:25.975+0300","M":"get all URLs failed with status{status 11 401  <nil>}"}
{"L":"\u001b[34mINFO\u001b[0m","timestamp":"2025-03-11T14:37:54.162+0300","M":"starting client"}
{"L":"\u001b[34mINFO\u001b[0m","timestamp":"2025-03-11T14:38:03.685+0300","M":"login successful"}
{"L":"\u001b[31mERROR\u001b[0m","timestamp":"2025-03-11T14:38:03.691+0300","M":"post FormData returned error{status 11 401  <nil>} {body 15 0 unauthorized: missing or invalid user ID <nil>}"}
{"L":"\u001b[31mERROR\u001b[0m","timestamp":"2025-03-11T14:38:03.692+0300","M":"post FormData returned error{status 11 401  <nil>} {body 15 0 unauthorized: missing or invalid user ID <nil>}"}
{"L":"\u001b[31mERROR\u001b[0m","timestamp":"2025-03-11T14:38:03.694+0300","M":"get all URLs failed with status{status 11 500  <nil>}"}
{"L":"\u001b[34mINFO\u001b[0m","timestamp":"2025-03-11T15:19:45.093+0300","M":"starting client"}
{"L":"\u001b[34mINFO\u001b[0m","timestamp":"2025-03-11T15:19:52.661+0300","M":"login successful"}
{"L":"\u001b[31mERROR\u001b[0m","timestamp":"2025-03-11T15:19:52.665+0300","M":"post JSON returned error{status 11 500  <nil>} {body 15 0 Internal server error <nil>}"}
{"L":"\u001b[31mERROR\u001b[0m","timestamp":"2025-03-11T15:19:52.667+0300","M":"post FormData returned error{status 11 401  <nil>} {body 15 0 unauthorized: missing or invalid user ID <nil>}"}
{"L":"\u001b[31mERROR\u001b[0m","timestamp":"2025-03-11T15:19:52.667+0300","M":"post FormData returned error{status 11 401  <nil>} {body 15 0 unauthorized: missing or invalid user ID <nil>}"}
{"L":"\u001b[31mERROR\u001b[0m","timestamp":"2025-03-11T15:19:52.669+0300","M":"get all URLs failed with status{status 11 500  <nil>}"}
{"L":"\u001b[34mINFO\u001b[0m","timestamp":"2025-03-11T15:21:19.485+0300","M":"starting client"}
{"L":"\u001b[34mINFO\u001b[0m","timestamp":"2025-03-11T15:21:27.573+0300","M":"login successful"}
{"L":"\u001b[31mERROR\u001b[0m","timestamp":"2025-03-11T15:21:27.576+0300","M":"post JSON returned error{status 11 500  <nil>} {body 15 0 Internal server error <nil>}"}
{"L":"\u001b[31mERROR\u001b[0m","timestamp":"2025-03-11T15:21:27.577+0300","M":"post FormData returned error{status 11 401  <nil>} {body 15 0 unauthorized: missing or invalid user ID <nil>}"}
{"L":"\u001b[31mERROR\u001b[0m","timestamp":"2025-03-11T15:21:27.577+0300","M":"post FormData returned error{status 11 401  <nil>} {body 15 0 unauthorized: missing or invalid user ID <nil>}"}
{"L":"\u001b[31mERROR\u001b[0m","timestamp":"2025-03-11T15:21:27.580+0300","M":"get all URLs failed with status{status 11 204  <nil>}"}
{"L":"\u001b[34mINFO\u001b[0m","timestamp":"2025-03-11T15:25:11.761+0300","M":"starting client"}
{"L":"\u001b[34mINFO\u001b[0m","timestamp":"2025-03-11T15:25:16.629+0300","M":"login successful"}
{"L":"\u001b[31mERROR\u001b[0m","timestamp":"2025-03-11T15:25:16.639+0300","M":"post FormData returned error{status 11 401  <nil>} {body 15 0 unauthorized: missing or invalid user ID <nil>}"}
{"L":"\u001b[31mERROR\u001b[0m","timestamp":"2025-03-11T15:25:16.639+0300","M":"post FormData returned error{status 11 401  <nil>} {body 15 0 unauthorized: missing or invalid user ID <nil>}"}
{"L":"\u001b[34mINFO\u001b[0m","timestamp":"2025-03-11T15:34:50.213+0300","M":"starting client"}
{"L":"\u001b[34mINFO\u001b[0m","timestamp":"2025-03-11T15:35:01.105+0300","M":"login successful"}
{"L":"\u001b[31mERROR\u001b[0m","timestamp":"2025-03-11T15:35:01.155+0300","M":"post FormData returned error{status 11 401  <nil>} {body 15 0 unauthorized: missing or invalid user ID <nil>}"}
{"L":"\u001b[31mERROR\u001b[0m","timestamp":"2025-03-11T15:35:01.156+0300","M":"post FormData returned error{status 11 401  <nil>} {body 15 0 unauthorized: missing or invalid user ID <nil>}"}
{"L":"\u001b[31mERROR\u001b[0m","timestamp":"2025-03-11T15:35:01.157+0300","M":"post FormData returned error{status 11 401  <nil>} {body 15 0 unauthorized: missing or invalid user ID <nil>}"}
{"L":"\u001b[34mINFO\u001b[0m","timestamp":"2025-03-11T15:43:53.245+0300","M":"starting client"}
{"L":"\u001b[34mINFO\u001b[0m","timestamp":"2025-03-11T15:44:01.283+0300","M":"login successful"}
{"L":"\u001b[31mERROR\u001b[0m","timestamp":"2025-03-11T15:44:01.286+0300","M":"post FormData returned error{status 11 401  <nil>} {body 15 0 unauthorized: missing or invalid user ID <nil>}"}
{"L":"\u001b[34mINFO\u001b[0m","timestamp":"2025-03-11T15:45:23.718+0300","M":"starting client"}
{"L":"\u001b[34mINFO\u001b[0m","timestamp":"2025-03-11T15:45:31.379+0300","M":"login successful"}
{"L":"\u001b[31mERROR\u001b[0m","timestamp":"2025-03-11T15:45:31.383+0300","M":"post FormData returned error{status 11 401  <nil>} {body 15 0 unauthorized: missing or invalid user ID <nil>}"}
{"L":"\u001b[31mERROR\u001b[0m","timestamp":"2025-03-11T15:45:31.384+0300","M":"post FormData returned error{status 11 401  <nil>} {body 15 0 unauthorized: missing or invalid user ID <nil>}"}
